// Jest Snapshot v1, https://goo.gl/fbAQLP

exports[`render correctly ItemList component 1`] = `
<span>
  <h2
    className="todoTitle"
  >
    1
  </h2>
  <div
    className=""
  >
    <ul
      className="todos list-group"
    />
  </div>
  <form
    className="newTodo"
    onSubmit={[Function]}
  >
    <div
      className="form-row"
    >
      <div
        className="col-10"
      >
        <input
          className="inputTodo form-control"
          id="newTodoInput"
          placeholder="text"
          type="text"
        />
      </div>
      <div
        className="col-2"
      >
        <button
          className="btn btn-block btn-outline-success"
          type="submit"
        >
          Add
        </button>
      </div>
    </div>
  </form>
</span>
`;
