// Jest Snapshot v1, https://goo.gl/fbAQLP

exports[`render correctly RoomList component 1`] = `
<span>
  <form
    className="roomForm"
    onSubmit={[Function]}
  >
    <div
      className="form-row"
    >
      <div
        className="col-lg-8 col-7"
      >
        <input
          className="addRoom form-control"
          id="newItemInput"
          placeholder="text"
          type="text"
        />
      </div>
      <div
        className="col-lg-4 col-5"
      >
        <button
          className="form-control btn btn-outline-success"
          type="submit"
        >
          Add
        </button>
      </div>
    </div>
  </form>
  <ul
    className="list-group list-group-flush"
  />
</span>
`;
